Resource Utilization by Entity report for In-Vehicle_Communication_IP_FPGA
Sun Mar 29 08:47:28 2026
Quartus Prime Version 25.1std.0 Build 1129 10/21/2025 SC Lite Edition


---------------------
; Table of Contents ;
---------------------
  1. Legal Notice
  2. Fitter Resource Utilization by Entity



----------------
; Legal Notice ;
----------------
Copyright (C) 2025  Altera Corporation. All rights reserved.
Your use of Altera Corporation's design tools, logic functions 
and other software and tools, and any partner logic 
functions, and any output files from any of the foregoing 
(including device programming or simulation files), and any 
associated documentation or information are expressly subject 
to the terms and conditions of the Altera Program License 
Subscription Agreement, the Altera Quartus Prime License Agreement,
the Altera IP License Agreement, or other applicable license
agreement, including, without limitation, that your use is for
the sole purpose of programming logic devices manufactured by
Altera and sold by Altera or its authorized distributors.  Please
refer to the Altera Software License Subscription Agreements 
on the Quartus Prime software download page.



+-------------------------------------------------------------------------------------------------------------------------------------------------------------------------------------------------------------------------------------------------------------------------------------------------------------------------------------------------------------------------------------------------------------------------------------------------------------------------------------------------------------+
; Fitter Resource Utilization by Entity                                                                                                                                                                                                                                                                                                                                                                                                                                                                       ;
+-------------------------------------------+----------------------+----------------------------------+---------------------------------------------------+----------------------------------+----------------------+---------------------+---------------------------+---------------+-------------------+-------+------------+------+--------------+-----------------------------------------------------------------------------------------------------------------------+-----------------+--------------+
; Compilation Hierarchy Node                ; ALMs needed [=A-B+C] ; [A] ALMs used in final placement ; [B] Estimate of ALMs recoverable by dense packing ; [C] Estimate of ALMs unavailable ; ALMs used for memory ; Combinational ALUTs ; Dedicated Logic Registers ; I/O Registers ; Block Memory Bits ; M10Ks ; DSP Blocks ; Pins ; Virtual Pins ; Full Hierarchy Name                                                                                                   ; Entity Name     ; Library Name ;
+-------------------------------------------+----------------------+----------------------------------+---------------------------------------------------+----------------------------------+----------------------+---------------------+---------------------------+---------------+-------------------+-------+------------+------+--------------+-----------------------------------------------------------------------------------------------------------------------+-----------------+--------------+
; |can_fd_top                               ; 210.5 (0.5)          ; 270.0 (0.5)                      ; 59.5 (0.0)                                        ; 0.0 (0.0)                        ; 0.0 (0.0)            ; 271 (1)             ; 461 (0)                   ; 0 (0)         ; 97                ; 1     ; 0          ; 82   ; 0            ; |can_fd_top                                                                                                           ; can_fd_top      ; work         ;
;    |apb_slave:apb|                        ; 68.3 (68.3)          ; 93.9 (93.9)                      ; 25.6 (25.6)                                       ; 0.0 (0.0)                        ; 0.0 (0.0)            ; 73 (73)             ; 160 (160)                 ; 0 (0)         ; 0                 ; 0     ; 0          ; 0    ; 0            ; |can_fd_top|apb_slave:apb                                                                                             ; apb_slave       ; work         ;
;    |bit_timing:bt|                        ; 2.5 (2.5)            ; 3.0 (3.0)                        ; 0.5 (0.5)                                         ; 0.0 (0.0)                        ; 0.0 (0.0)            ; 5 (5)               ; 5 (5)                     ; 0 (0)         ; 0                 ; 0     ; 0          ; 0    ; 0            ; |can_fd_top|bit_timing:bt                                                                                             ; bit_timing      ; work         ;
;    |can_fd_rx:rx|                         ; 53.1 (32.5)          ; 66.5 (45.5)                      ; 13.4 (13.0)                                       ; 0.0 (0.0)                        ; 0.0 (0.0)            ; 76 (34)             ; 115 (88)                  ; 0 (0)         ; 97                ; 1     ; 0          ; 0    ; 0            ; |can_fd_top|can_fd_rx:rx                                                                                              ; can_fd_rx       ; work         ;
;       |altshift_taps:shift_stage1_rtl_0|  ; 18.1 (0.0)           ; 18.1 (0.0)                       ; 0.0 (0.0)                                         ; 0.0 (0.0)                        ; 0.0 (0.0)            ; 38 (0)              ; 22 (0)                    ; 0 (0)         ; 97                ; 1     ; 0          ; 0    ; 0            ; |can_fd_top|can_fd_rx:rx|altshift_taps:shift_stage1_rtl_0                                                             ; altshift_taps   ; work         ;
;          |shift_taps_juv:auto_generated|  ; 18.1 (5.4)           ; 18.1 (5.6)                       ; 0.0 (0.2)                                         ; 0.0 (0.0)                        ; 0.0 (0.0)            ; 38 (13)             ; 22 (8)                    ; 0 (0)         ; 97                ; 1     ; 0          ; 0    ; 0            ; |can_fd_top|can_fd_rx:rx|altshift_taps:shift_stage1_rtl_0|shift_taps_juv:auto_generated                               ; shift_taps_juv  ; work         ;
;             |altsyncram_9gc1:altsyncram5| ; 0.0 (0.0)            ; 0.0 (0.0)                        ; 0.0 (0.0)                                         ; 0.0 (0.0)                        ; 0.0 (0.0)            ; 0 (0)               ; 0 (0)                     ; 0 (0)         ; 97                ; 1     ; 0          ; 0    ; 0            ; |can_fd_top|can_fd_rx:rx|altshift_taps:shift_stage1_rtl_0|shift_taps_juv:auto_generated|altsyncram_9gc1:altsyncram5   ; altsyncram_9gc1 ; work         ;
;             |cntr_e3h:cntr6|              ; 5.9 (5.9)            ; 5.9 (5.9)                        ; 0.0 (0.0)                                         ; 0.0 (0.0)                        ; 0.0 (0.0)            ; 15 (15)             ; 7 (7)                     ; 0 (0)         ; 0                 ; 0     ; 0          ; 0    ; 0            ; |can_fd_top|can_fd_rx:rx|altshift_taps:shift_stage1_rtl_0|shift_taps_juv:auto_generated|cntr_e3h:cntr6                ; cntr_e3h        ; work         ;
;             |cntr_qjf:cntr1|              ; 6.1 (5.8)            ; 6.6 (6.3)                        ; 0.5 (0.5)                                         ; 0.0 (0.0)                        ; 0.0 (0.0)            ; 10 (9)              ; 7 (7)                     ; 0 (0)         ; 0                 ; 0     ; 0          ; 0    ; 0            ; |can_fd_top|can_fd_rx:rx|altshift_taps:shift_stage1_rtl_0|shift_taps_juv:auto_generated|cntr_qjf:cntr1                ; cntr_qjf        ; work         ;
;                |cmpr_f9c:cmpr9|           ; 0.2 (0.2)            ; 0.2 (0.2)                        ; 0.0 (0.0)                                         ; 0.0 (0.0)                        ; 0.0 (0.0)            ; 1 (1)               ; 0 (0)                     ; 0 (0)         ; 0                 ; 0     ; 0          ; 0    ; 0            ; |can_fd_top|can_fd_rx:rx|altshift_taps:shift_stage1_rtl_0|shift_taps_juv:auto_generated|cntr_qjf:cntr1|cmpr_f9c:cmpr9 ; cmpr_f9c        ; work         ;
;       |bit_destuff:destuff_inst|          ; 2.2 (2.2)            ; 2.9 (2.9)                        ; 0.7 (0.7)                                         ; 0.0 (0.0)                        ; 0.0 (0.0)            ; 4 (4)               ; 5 (5)                     ; 0 (0)         ; 0                 ; 0     ; 0          ; 0    ; 0            ; |can_fd_top|can_fd_rx:rx|bit_destuff:destuff_inst                                                                     ; bit_destuff     ; work         ;
;    |can_fd_tx:tx|                         ; 53.7 (50.9)          ; 73.4 (69.2)                      ; 19.7 (18.3)                                       ; 0.0 (0.0)                        ; 0.0 (0.0)            ; 60 (55)             ; 133 (128)                 ; 0 (0)         ; 0                 ; 0     ; 0          ; 0    ; 0            ; |can_fd_top|can_fd_tx:tx                                                                                              ; can_fd_tx       ; work         ;
;       |bit_stuff:bs_inst|                 ; 2.8 (2.8)            ; 4.2 (4.2)                        ; 1.4 (1.4)                                         ; 0.0 (0.0)                        ; 0.0 (0.0)            ; 5 (5)               ; 5 (5)                     ; 0 (0)         ; 0                 ; 0     ; 0          ; 0    ; 0            ; |can_fd_top|can_fd_tx:tx|bit_stuff:bs_inst                                                                            ; bit_stuff       ; work         ;
;    |crc:crc_inst|                         ; 8.9 (8.9)            ; 9.7 (9.7)                        ; 0.8 (0.8)                                         ; 0.0 (0.0)                        ; 0.0 (0.0)            ; 15 (15)             ; 23 (23)                   ; 0 (0)         ; 0                 ; 0     ; 0          ; 0    ; 0            ; |can_fd_top|crc:crc_inst                                                                                              ; crc             ; work         ;
;    |error_manager:err_mgr|                ; 21.0 (21.0)          ; 21.0 (21.0)                      ; 0.0 (0.0)                                         ; 0.0 (0.0)                        ; 0.0 (0.0)            ; 37 (37)             ; 22 (22)                   ; 0 (0)         ; 0                 ; 0     ; 0          ; 0    ; 0            ; |can_fd_top|error_manager:err_mgr                                                                                     ; error_manager   ; work         ;
;    |interrupt_ctrl:intr|                  ; 2.0 (2.0)            ; 2.0 (2.0)                        ; 0.0 (0.0)                                         ; 0.0 (0.0)                        ; 0.0 (0.0)            ; 4 (4)               ; 3 (3)                     ; 0 (0)         ; 0                 ; 0     ; 0          ; 0    ; 0            ; |can_fd_top|interrupt_ctrl:intr                                                                                       ; interrupt_ctrl  ; work         ;
+-------------------------------------------+----------------------+----------------------------------+---------------------------------------------------+----------------------------------+----------------------+---------------------+---------------------------+---------------+-------------------+-------+------------+------+--------------+-----------------------------------------------------------------------------------------------------------------------+-----------------+--------------+
Note: For table entries with two numbers listed, the numbers in parentheses indicate the number of resources of the given type used by the specific entity alone. The numbers listed outside of parentheses indicate the total resources of the given type used by the specific entity and all of its sub-entities in the hierarchy.


