------------------------------------------------------------
Timing Analyzer Summary
------------------------------------------------------------

Type  : Slow 1100mV 85C Model Setup 'clk'
Slack : 6.010
TNS   : 0.000

Type  : Slow 1100mV 85C Model Hold 'clk'
Slack : 0.374
TNS   : 0.000

Type  : Slow 1100mV 85C Model Minimum Pulse Width 'clk'
Slack : 4.076
TNS   : 0.000

Type  : Slow 1100mV 85C Model Minimum Pulse Width 'PCLK'
Slack : 9.411
TNS   : 0.000

Type  : Slow 1100mV 0C Model Setup 'clk'
Slack : 6.068
TNS   : 0.000

Type  : Slow 1100mV 0C Model Hold 'clk'
Slack : 0.388
TNS   : 0.000

Type  : Slow 1100mV 0C Model Minimum Pulse Width 'clk'
Slack : 3.999
TNS   : 0.000

Type  : Slow 1100mV 0C Model Minimum Pulse Width 'PCLK'
Slack : 9.343
TNS   : 0.000

Type  : Fast 1100mV 85C Model Setup 'clk'
Slack : 7.447
TNS   : 0.000

Type  : Fast 1100mV 85C Model Hold 'clk'
Slack : 0.181
TNS   : 0.000

Type  : Fast 1100mV 85C Model Minimum Pulse Width 'clk'
Slack : 3.959
TNS   : 0.000

Type  : Fast 1100mV 85C Model Minimum Pulse Width 'PCLK'
Slack : 9.408
TNS   : 0.000

Type  : Fast 1100mV 0C Model Setup 'clk'
Slack : 7.665
TNS   : 0.000

Type  : Fast 1100mV 0C Model Hold 'clk'
Slack : 0.172
TNS   : 0.000

Type  : Fast 1100mV 0C Model Minimum Pulse Width 'clk'
Slack : 3.946
TNS   : 0.000

Type  : Fast 1100mV 0C Model Minimum Pulse Width 'PCLK'
Slack : 9.409
TNS   : 0.000

------------------------------------------------------------
