------------------------------------------------------------
Timing Analyzer Summary
------------------------------------------------------------

Type  : Slow 1100mV 85C Model Setup 'clk'
Slack : 14.476
TNS   : 0.000

Type  : Slow 1100mV 85C Model Hold 'clk'
Slack : 0.373
TNS   : 0.000

Type  : Slow 1100mV 85C Model Minimum Pulse Width 'clk'
Slack : 9.138
TNS   : 0.000

Type  : Slow 1100mV 0C Model Setup 'clk'
Slack : 14.589
TNS   : 0.000

Type  : Slow 1100mV 0C Model Hold 'clk'
Slack : 0.387
TNS   : 0.000

Type  : Slow 1100mV 0C Model Minimum Pulse Width 'clk'
Slack : 9.040
TNS   : 0.000

Type  : Fast 1100mV 85C Model Setup 'clk'
Slack : 16.164
TNS   : 0.000

Type  : Fast 1100mV 85C Model Hold 'clk'
Slack : 0.181
TNS   : 0.000

Type  : Fast 1100mV 85C Model Minimum Pulse Width 'clk'
Slack : 8.993
TNS   : 0.000

Type  : Fast 1100mV 0C Model Setup 'clk'
Slack : 16.574
TNS   : 0.000

Type  : Fast 1100mV 0C Model Hold 'clk'
Slack : 0.171
TNS   : 0.000

Type  : Fast 1100mV 0C Model Minimum Pulse Width 'clk'
Slack : 8.950
TNS   : 0.000

------------------------------------------------------------
